$$S_reitit$2e_exception:aa
$$S_reitit$2etrie:ba
$$S_torneoencasa$2e_auth$2e_ev_9a9ca5a7:ca
$$S_torneoencasa$2e_auth$2esu_e3ae9a41:da
$$S_torneoencasa$2e_events:ea
$$S_torneoencasa$2eroutes:fa
$$S_torneoencasa$2esubs:ha
G__21347$jscomp$inline_2080:Tw
G__21348$jscomp$inline_2081:Uw
G__21349$jscomp$inline_2082:Vw
G__23917$jscomp$inline_2058:rw
JSCompiler_StaticMethods_assoc_BANG_:xi
JSCompiler_StaticMethods_cleanUpTimeoutTimer_:fu
JSCompiler_StaticMethods_cleanUpXhr_:iu
JSCompiler_StaticMethods_cleanupKeysArray_:Nb
JSCompiler_StaticMethods_cljs$core$IMultiFn$_add_method$arity$3:Pj
JSCompiler_StaticMethods_cljs$core$IMultiFn$_get_method$arity$2:Oj
JSCompiler_StaticMethods_cljs$core$ITransientVector$_assoc_n_BANG_$arity$3:Dh
JSCompiler_StaticMethods_createInstance:$t
JSCompiler_StaticMethods_dispatchErrors_:hu
JSCompiler_StaticMethods_div:Ca
JSCompiler_StaticMethods_error_:eu
JSCompiler_StaticMethods_fireListeners:Tt
JSCompiler_StaticMethods_forceChunk:Ri
JSCompiler_StaticMethods_getOptions:Wt
JSCompiler_StaticMethods_getProgId_:Xt
JSCompiler_StaticMethods_getReadyState:ku
JSCompiler_StaticMethods_isZero:Ea
JSCompiler_StaticMethods_markAsRemoved:yr
JSCompiler_StaticMethods_negate:Fa
JSCompiler_StaticMethods_onReadyStateChangeHelper_:ju
JSCompiler_StaticMethods_re_frame$router$IEventQueue$_call_post_event_callbacks$arity$2:As
JSCompiler_StaticMethods_re_frame$router$IEventQueue$_fsm_trigger$arity$3:ws
JSCompiler_StaticMethods_re_frame$router$IEventQueue$_pause$arity$2:zs
JSCompiler_StaticMethods_re_frame$router$IEventQueue$_process_1st_event_in_queue$arity$1:xs
JSCompiler_StaticMethods_re_frame$router$IEventQueue$_run_next_tick$arity$1:ys
JSCompiler_StaticMethods_re_frame$router$IEventQueue$_run_queue$arity$1:vs
JSCompiler_StaticMethods_removeByKey:Br
JSCompiler_StaticMethods_subtract:Da
JSCompiler_StaticMethods_sval:Hf
JSCompiler_StaticMethods_toNumber:Aa
JSCompiler_inline_result$jscomp$198:ir
JSCompiler_prototypeAlias:g
JSCompiler_temp$jscomp$197:lr
JSCompiler_temp$jscomp$225:uu
L 0:a
L 1:b
L 10:q
L 11:r
L 12:t
L 13:x
L 14:z
L 15:D
L 16:I
L 17:N
L 18:Q
L 19:W
L 2:c
L 20:Z
L 21:wa
L 22:uc
L 23:wr
L 24:cm
L 3:d
L 4:e
L 5:f
L 6:h
L 7:k
L 8:l
L 9:m
ajax$formats$content_type_matches$cljs$0core$0IFn$0_invoke$0arity$01:Pt
ajax$formats$detect_content_type$cljs$0core$0IFn$0_invoke$0arity$02:Qt
ajax$formats$detect_response_format:Jt
ajax$formats$detect_response_format_read$cljs$0core$0IFn$0_invoke$0arity$01:Rt
ajax$formats$get_accept_entries$cljs$0core$0IFn$0_invoke$0arity$01:Ot
ajax$formats$get_accept_entries$cljs$0core$0IFn$0_invoke$0arity$02:Nt
ajax$formats$get_format$cljs$0core$0IFn$0_invoke$0arity$02:Mt
ajax$interceptors$ApplyRequestFormat:Dt
ajax$interceptors$DirectSubmission:Gt
ajax$interceptors$ProcessUrlParameters:Ft
ajax$interceptors$ResponseFormat:Bt
ajax$interceptors$content_type_to_request_header:At
ajax$interceptors$fail:zt
ajax$interceptors$get_response_format:It
ajax$interceptors$map__GT_ResponseFormat:Ct
ajax$interceptors$request_interceptors:Ht
ajax$interceptors$uri_with_params$cljs$0core$0IFn$0_invoke$0arity$01:Et
ajax$json$json_request_format:Lt
ajax$json$json_response_format:Kt
ajax$protocols$_body:$s
ajax$protocols$_get_response_header:at
ajax$protocols$_js_ajax_request:Xs
ajax$protocols$_process_request:ct
ajax$protocols$_process_response:dt
ajax$protocols$_status:Ys
ajax$protocols$_status_text:Zs
ajax$protocols$_was_aborted:bt
ajax$simple$ajax_request:su
ajax$simple$default_interceptors:pu
ajax$simple$js_handler$cljs$0core$0IFn$0_invoke$0arity$02:ou
ajax$simple$normalize_method:mu
ajax$simple$normalize_request:qu
ajax$simple$process_request:ru
ajax$simple$process_response:nu
ajax$url$key_encode:gt
ajax$url$key_value_pair_to_str:it
ajax$url$param_to_key_value_pairs$cljs$0core$0IFn$0_invoke$0arity$02:mt
ajax$url$param_to_key_value_pairs$cljs$0core$0IFn$0_invoke$0arity$03:lt
ajax$url$params_to_str$cljs$0core$0IFn$0_invoke$0arity$02:nt
ajax$url$to_vec_key_transform:kt
ajax$url$value_encode:ht
ajax$url$vec_key_transform_fn$cljs$0core$0IFn$0_invoke$0arity$01:jt
ajax$util$successful_response_codes_set:ft
ajax$util$throw_error:et
ajax$xml_http_request$ready_state:tu
ajax$xml_http_request$xmlhttprequest:wu
all_wilds_QMARK_$jscomp$inline_2054:nw
arr$jscomp$inline_1092:fr
c__4556__auto___21346$jscomp$inline_2079:Sw
chunk__21190_21333$jscomp$inline_2072:Lw
cljs:Rb
cljs$core:Sb
cljs$core$ArrayChunk:Jf
cljs$core$ArrayNode:hi
cljs$core$ArrayNodeIterator:li
cljs$core$ArrayNodeSeq:si
cljs$core$Atom:wg
cljs$core$BitmapIndexedNode:di
cljs$core$BitmapIndexedNode$EMPTY:gi
cljs$core$Box:Xh
cljs$core$ChunkBuffer:If
cljs$core$ChunkedCons:Lf
cljs$core$ChunkedSeq:wh
cljs$core$Cons:Bf
cljs$core$ES6EntriesIterator:Mh
cljs$core$ES6Iterator:$d
cljs$core$ES6IteratorSeq:be
cljs$core$ES6SetEntriesIterator:Nh
cljs$core$EmptyList:zf
cljs$core$ExceptionInfo:Rj
cljs$core$Fn:mc
cljs$core$HashCollisionNode:pi
cljs$core$HashMapIter:ui
cljs$core$HashSetIter:Gi
cljs$core$ICollection:sc
cljs$core$IComparable:td
cljs$core$ICounted:oc
cljs$core$IDeref:Rc
cljs$core$IEmptyableCollection:qc
cljs$core$IEncodeClojure:vj
cljs$core$IEncodeJS:qj
cljs$core$IFn:nc
cljs$core$IIndexed:vc
cljs$core$IIndexed$_nth$dyn_20290:xc
cljs$core$IIterable:Ed
cljs$core$IKVReduce:Zc
cljs$core$IList:fd
cljs$core$ILookup:Cc
cljs$core$ILookup$_lookup$dyn_20296:Ec
cljs$core$IMap:Hc
cljs$core$IMeta:Sc
cljs$core$INIT:gg
cljs$core$INext:Bc
cljs$core$IPrintWithWriter:kd
cljs$core$IRecord:gd
cljs$core$IReduce:Wc
cljs$core$IReduce$_reduce$dyn_20338:Yc
cljs$core$IReversible:hd
cljs$core$ISeq:yc
cljs$core$ISeqable:cd
cljs$core$ISequential:ed
cljs$core$ISet:Lc
cljs$core$ISwap$_swap_BANG_$dyn_20439:Cd
cljs$core$ITER_SYMBOL:gc
cljs$core$IVector:Pc
cljs$core$IWithMeta:Uc
cljs$core$IndexedSeq:G
cljs$core$IndexedSeqIterator:ve
cljs$core$KeySeq:Ai
cljs$core$Keyword:E
cljs$core$LazySeq:Gf
cljs$core$List:Ge
cljs$core$List$EMPTY:Zd
cljs$core$MapEntry:kh
cljs$core$MetaFn:Me
cljs$core$MultiFn:Mj
cljs$core$NeverEquiv:Ih
cljs$core$NodeIterator:ci
cljs$core$NodeSeq:qi
cljs$core$PROTOCOL_SENTINEL:p
cljs$core$PersistentArrayMap:u
cljs$core$PersistentArrayMap$EMPTY:U
cljs$core$PersistentArrayMap$HASHMAP_THRESHOLD:Uh
cljs$core$PersistentArrayMap$createAsIfByAssoc:Je
cljs$core$PersistentArrayMapIterator:Qh
cljs$core$PersistentArrayMapSeq:Ph
cljs$core$PersistentHashMap:vi
cljs$core$PersistentHashMap$EMPTY:Vh
cljs$core$PersistentHashSet:Hi
cljs$core$PersistentHashSet$EMPTY:Ji
cljs$core$PersistentHashSet$createAsIfByAssoc:Ki
cljs$core$PersistentQueue:Gh
cljs$core$PersistentQueue$EMPTY:Hh
cljs$core$PersistentQueueIter:Eh
cljs$core$PersistentQueueSeq:Fh
cljs$core$PersistentVector:V
cljs$core$PersistentVector$EMPTY:Fe
cljs$core$PersistentVector$EMPTY_NODE:X
cljs$core$PersistentVector$fromArray:qh
cljs$core$RSeq:we
cljs$core$Range:Qi
cljs$core$RangeChunk:Oi
cljs$core$RangeIterator:Pi
cljs$core$RangedIterator:gh
cljs$core$RecordIter:Lh
cljs$core$Reduced:he
cljs$core$Repeat:Ig
cljs$core$START:hg
cljs$core$SeqIter:ig
cljs$core$StringBufferWriter:Gd
cljs$core$Subvec:yh
cljs$core$Symbol:Ud
cljs$core$TransientArrayMap:Th
cljs$core$TransientHashMap:wi
cljs$core$TransientHashSet:Ii
cljs$core$TransientVector:lh
cljs$core$ValSeq:Bi
cljs$core$VectorNode:Wg
cljs$core$Volatile:Ag
cljs$core$_EQ_:K
cljs$core$_STAR_print_level_STAR_:Ub
cljs$core$_add_watch:md
cljs$core$_as_transient:pd
cljs$core$_assoc:Fc
cljs$core$_assoc_BANG_:sd
cljs$core$_assoc_n:Qc
cljs$core$_chunked_first:wd
cljs$core$_chunked_rest:xd
cljs$core$_clj__GT_js:rj
cljs$core$_compare:ud
cljs$core$_conj:tc
cljs$core$_conj_BANG_:qd
cljs$core$_count:pc
cljs$core$_deref:B
cljs$core$_disjoin:Mc
cljs$core$_dissoc:Ic
cljs$core$_drop_first:vd
cljs$core$_empty:rc
cljs$core$_equiv:ad
cljs$core$_find:Gc
cljs$core$_first:zc
cljs$core$_global_hierarchy:Aj
cljs$core$_hash:bd
cljs$core$_indexOf$cljs$0core$0IFn$0_invoke$0arity$03:M
cljs$core$_iterator:Fd
cljs$core$_js__GT_clj:wj
cljs$core$_key:Jc
cljs$core$_kv_reduce:$c
cljs$core$_lastIndexOf$cljs$0core$0IFn$0_invoke$0arity$03:ue
cljs$core$_lookup:Dc
cljs$core$_meta:Tc
cljs$core$_name:yd
cljs$core$_namespace:zd
cljs$core$_nth:wc
cljs$core$_peek:Nc
cljs$core$_persistent_BANG_:rd
cljs$core$_pop:Oc
cljs$core$_pr_writer:ld
cljs$core$_reduce:Xc
cljs$core$_remove_watch:od
cljs$core$_reset_BANG_:Ad
cljs$core$_rest:Ac
cljs$core$_rseq:id
cljs$core$_seq:dd
cljs$core$_swap_BANG_:Bd
cljs$core$_val:Kc
cljs$core$_vreset_BANG_:Dd
cljs$core$_with_meta:Vc
cljs$core$_write:jd
cljs$core$aclone:hc
cljs$core$apply:Ne
cljs$core$apply$cljs$0core$0IFn$0_invoke$0arity$02:Zf
cljs$core$apply$cljs$0core$0IFn$0_invoke$0arity$03:$f
cljs$core$apply$cljs$0core$0IFn$0_invoke$0arity$04:ag
cljs$core$apply$cljs$0core$0IFn$0_invoke$0arity$05:bg
cljs$core$apply$cljs$0core$0IFn$0_invoke$0arity$0variadic:cg
cljs$core$apply_to:Tf
cljs$core$apply_to_simple$cljs$0core$0IFn$0_invoke$0arity$03:Vf
cljs$core$apply_to_simple$cljs$0core$0IFn$0_invoke$0arity$04:Wf
cljs$core$apply_to_simple$cljs$0core$0IFn$0_invoke$0arity$05:Xf
cljs$core$apply_to_simple$cljs$0core$0IFn$0_invoke$0arity$06:Yf
cljs$core$array_QMARK_:bc
cljs$core$array__GT_transient_hash_map:Wh
cljs$core$array_copy:$e
cljs$core$array_for:dh
cljs$core$array_index_of:Oh
cljs$core$array_map:zi
cljs$core$array_reduce$cljs$0core$0IFn$0_invoke$0arity$02:ne
cljs$core$array_reduce$cljs$0core$0IFn$0_invoke$0arity$03:oe
cljs$core$array_reduce$cljs$0core$0IFn$0_invoke$0arity$04:pe
cljs$core$assoc:S
cljs$core$assoc_BANG_$cljs$0core$0IFn$0_invoke$0arity$03:Sf
cljs$core$assoc_in:Tg
cljs$core$atom$cljs$0core$0IFn$0_invoke$0arity$01:xg
cljs$core$bit_count:wf
cljs$core$boolean$0:cf
cljs$core$bounded_count:Of
cljs$core$build_subvec:zh
cljs$core$butlast:Mi
cljs$core$char_escapes:aj
cljs$core$chunk_append:Nf
cljs$core$chunk_buffer:Kf
cljs$core$chunk_cons:Mf
cljs$core$chunked_seq:ph
cljs$core$chunked_seq$cljs$0core$0IFn$0_invoke$0arity$04:oh
cljs$core$chunked_seq$cljs$0core$0IFn$0_invoke$0arity$05:xh
cljs$core$chunked_seq_QMARK_:Ze
cljs$core$ci_reduce$cljs$0core$0IFn$0_invoke$0arity$02:le
cljs$core$ci_reduce$cljs$0core$0IFn$0_invoke$0arity$03:me
cljs$core$clj__GT_js:tj
cljs$core$clone_and_set$cljs$0core$0IFn$0_invoke$0arity$03:Zh
cljs$core$coll_QMARK_:Te
cljs$core$comp:mg
cljs$core$compare:ff
cljs$core$compare_indexed$cljs$0core$0IFn$0_invoke$0arity$02:gf
cljs$core$compare_keywords:Cf
cljs$core$compare_symbols:Td
cljs$core$complement:lg
cljs$core$concat:Qf
cljs$core$conj:Ee
cljs$core$conj_BANG_:Rf
cljs$core$cons:ye
cljs$core$contains_QMARK_:ef
cljs$core$count:O
cljs$core$counted_QMARK_:qe
cljs$core$create_array_node_seq:ni
cljs$core$create_array_node_seq$cljs$0core$0IFn$0_invoke$0arity$01:mi
cljs$core$create_array_node_seq$cljs$0core$0IFn$0_invoke$0arity$03:ti
cljs$core$create_inode_seq:fi
cljs$core$create_inode_seq$cljs$0core$0IFn$0_invoke$0arity$01:ei
cljs$core$create_inode_seq$cljs$0core$0IFn$0_invoke$0arity$03:ri
cljs$core$create_node:ji
cljs$core$create_node$cljs$0core$0IFn$0_invoke$0arity$06:ki
cljs$core$create_node$cljs$0core$0IFn$0_invoke$0arity$07:ii
cljs$core$deref:ke
cljs$core$disj:Re
cljs$core$dissoc:Ke
cljs$core$do_assoc:eh
cljs$core$doall$cljs$0core$0IFn$0_invoke$0arity$01:Vi
cljs$core$dominates:Jj
cljs$core$drop$cljs$0core$0IFn$0_invoke$0arity$02:Gg
cljs$core$drop_last$cljs$0core$0IFn$0_invoke$0arity$02:Hg
cljs$core$edit_and_set$cljs$0core$0IFn$0_invoke$0arity$04:ai
cljs$core$empty:He
cljs$core$empty_QMARK_:Se
cljs$core$empty_ordered_hash:de
cljs$core$empty_unordered_hash:fe
cljs$core$equiv_map:Kh
cljs$core$equiv_sequential:xe
cljs$core$es6_iterator:ae
cljs$core$es6_iterator_seq:Xd
cljs$core$every_QMARK_:jg
cljs$core$ex_info$cljs$0core$0IFn$0_invoke$0arity$02:Sj
cljs$core$filter$cljs$0core$0IFn$0_invoke$0arity$01:Lg
cljs$core$filter$cljs$0core$0IFn$0_invoke$0arity$02:Mg
cljs$core$find_and_cache_best_method:Kj
cljs$core$first:H
cljs$core$fix:uf
cljs$core$flatten:Pg
cljs$core$fn_QMARK_:Le
cljs$core$fn__GT_comparator:hf
cljs$core$fnil$cljs$0core$0IFn$0_invoke$0arity$02:og
cljs$core$gensym$cljs$0core$0IFn$0_invoke$0arity$01:pj
cljs$core$gensym_counter:oj
cljs$core$get:C
cljs$core$get_global_hierarchy:Bj
cljs$core$get_in$cljs$0core$0IFn$0_invoke$0arity$02:Sg
cljs$core$group_by:zj
cljs$core$hash:Qd
cljs$core$hash_collision_node_find_index:oi
cljs$core$hash_combine:Rd
cljs$core$hash_map:yi
cljs$core$hash_ordered_coll:ce
cljs$core$hash_string:Pd
cljs$core$hash_unordered_coll:ee
cljs$core$identity:rf
cljs$core$ifn_QMARK_:df
cljs$core$imul:Id
cljs$core$inc:ge
cljs$core$indexed_QMARK_:re
cljs$core$inode_kv_reduce:bi
cljs$core$instance_QMARK_:Sd
cljs$core$into:pg
cljs$core$into_array$cljs$0core$0IFn$0_invoke$0arity$02:ic
cljs$core$isa_QMARK_$cljs$0core$0IFn$0_invoke$0arity$03:Fj
cljs$core$iter_reduce$cljs$0core$0IFn$0_invoke$0arity$02:nf
cljs$core$iter_reduce$cljs$0core$0IFn$0_invoke$0arity$03:of
cljs$core$iterable_QMARK_:Wd
cljs$core$js__GT_clj$cljs$0core$0IFn$0_invoke$0arity$0variadic:xj
cljs$core$js_symbol_QMARK_:lc
cljs$core$juxt$cljs$0core$0IFn$0_invoke$0arity$02:mf
cljs$core$keep$cljs$0core$0IFn$0_invoke$0arity$01:ug
cljs$core$keep$cljs$0core$0IFn$0_invoke$0arity$02:vg
cljs$core$key:th
cljs$core$key__GT_js$cljs$0core$0IFn$0_invoke$0arity$02:sj
cljs$core$key_test:Yh
cljs$core$keys:Rh
cljs$core$keyword:Ef
cljs$core$keyword_identical_QMARK_:T
cljs$core$last:De
cljs$core$lift_ns:lj
cljs$core$linear_traversal_nth$cljs$0core$0IFn$0_invoke$0arity$03:Ie
cljs$core$lookup_sentinel:af
cljs$core$m3_fmix:Ld
cljs$core$m3_hash_unencoded_chars:Md
cljs$core$m3_mix_H1:Kd
cljs$core$m3_mix_K1:Jd
cljs$core$map:Eg
cljs$core$map_QMARK_:We
cljs$core$map_entry_QMARK_:sh
cljs$core$map_indexed$cljs$0core$0IFn$0_invoke$0arity$01:rg
cljs$core$map_indexed$cljs$0core$0IFn$0_invoke$0arity$02:tg
cljs$core$mapcat$cljs$0core$0IFn$0_invoke$0arity$0variadic:Kg
cljs$core$mapv$cljs$0core$0IFn$0_invoke$0arity$02:Qg
cljs$core$max:tf
cljs$core$max_key:Ni
cljs$core$merge:Ci
cljs$core$merge_with$cljs$0core$0IFn$0_invoke$0arity$0variadic:Di
cljs$core$meta:Pe
cljs$core$missing_protocol:y
cljs$core$name:Ff
cljs$core$namespace:Df
cljs$core$native_satisfies_QMARK_:w
cljs$core$never_equiv:Jh
cljs$core$new_path:$g
cljs$core$next:J
cljs$core$next_STAR_:Uf
cljs$core$nil_QMARK_:ac
cljs$core$nil_iter:fg
cljs$core$not:cc
cljs$core$not_EQ_$cljs$0core$0IFn$0_invoke$0arity$02:dg
cljs$core$not_empty:eg
cljs$core$nth:te
cljs$core$nth$cljs$0core$0IFn$0_invoke$0arity$02:se
cljs$core$nth$cljs$0core$0IFn$0_invoke$0arity$03:R
cljs$core$parents$cljs$0core$0IFn$0_invoke$0arity$01:Gj
cljs$core$partial:ng
cljs$core$partition$cljs$0core$0IFn$0_invoke$0arity$03:Rg
cljs$core$peek:Qe
cljs$core$pop_tail:fh
cljs$core$pos_QMARK_:xf
cljs$core$pr_opts:Vb
cljs$core$pr_sb_with_opts:ij
cljs$core$pr_sequential_writer:Yi
cljs$core$pr_str_STAR_:Hd
cljs$core$pr_str_with_opts:jj
cljs$core$pr_writer:ej
cljs$core$pr_writer_impl:dj
cljs$core$prefers_STAR_:Ij
cljs$core$prim_seq$cljs$0core$0IFn$0_invoke$0arity$02:P
cljs$core$print_map:fj
cljs$core$print_meta_QMARK_:cj
cljs$core$print_prefix_map:mj
cljs$core$push_tail:ah
cljs$core$pv_clone_node:Yg
cljs$core$pv_fresh_node:Xg
cljs$core$pv_reduce$cljs$0core$0IFn$0_invoke$0arity$04:ih
cljs$core$pv_reduce$cljs$0core$0IFn$0_invoke$0arity$05:jh
cljs$core$quot:vf
cljs$core$quote_string:bj
cljs$core$range$cljs$0core$0IFn$0_invoke$0arity$03:Si
cljs$core$ranged_iterator:hh
cljs$core$re_find:Xi
cljs$core$re_matches:Wi
cljs$core$record_QMARK_:Xe
cljs$core$reduce:kc
cljs$core$reduce$cljs$0core$0IFn$0_invoke$0arity$02:pf
cljs$core$reduce$cljs$0core$0IFn$0_invoke$0arity$03:jc
cljs$core$reduce_kv:qf
cljs$core$reduced:ie
cljs$core$reduced_QMARK_:je
cljs$core$remove$cljs$0core$0IFn$0_invoke$0arity$02:Ng
cljs$core$remove_pair:$h
cljs$core$repeat$cljs$0core$0IFn$0_invoke$0arity$02:Jg
cljs$core$reset_BANG_:yg
cljs$core$reset_cache:Hj
cljs$core$rest:Yd
cljs$core$reverse:Af
cljs$core$second:Ce
cljs$core$select_keys:Ei
cljs$core$seq:F
cljs$core$seq_QMARK_:bf
cljs$core$seq_reduce:Ae
cljs$core$seq_reduce$cljs$0core$0IFn$0_invoke$0arity$02:ze
cljs$core$seq_reduce$cljs$0core$0IFn$0_invoke$0arity$03:Be
cljs$core$sequential_QMARK_:Ve
cljs$core$set:Li
cljs$core$set_QMARK_:Ue
cljs$core$some:kg
cljs$core$some_fn$cljs$0core$0IFn$0_invoke$0arity$03:Bg
cljs$core$sort$cljs$0core$0IFn$0_invoke$0arity$02:jf
cljs$core$sort_by$cljs$0core$0IFn$0_invoke$0arity$03:lf
cljs$core$spread:Pf
cljs$core$str:A
cljs$core$string_QMARK_:dc
cljs$core$string_hash_cache:Nd
cljs$core$string_hash_cache_count:Od
cljs$core$strip_ns:kj
cljs$core$subs$cljs$0core$0IFn$0_invoke$0arity$02:yf
cljs$core$subvec:Ah
cljs$core$swap_BANG_:zg
cljs$core$symbol:Vd
cljs$core$t_cljs$0core18941:Tb
cljs$core$tail_off:Zg
cljs$core$take:Fg
cljs$core$throw_no_method_error:Lj
cljs$core$to_array:kf
cljs$core$transduce$cljs$0core$0IFn$0_invoke$0arity$04:sf
cljs$core$tree_seq:Og
cljs$core$truth_:v
cljs$core$tv_editable_root:mh
cljs$core$tv_editable_tail:nh
cljs$core$tv_ensure_editable:Bh
cljs$core$tv_push_tail:Ch
cljs$core$type:ec
cljs$core$type__GT_str:fc
cljs$core$unchecked_array_for:ch
cljs$core$update:Vg
cljs$core$update_in:Ug
cljs$core$val:uh
cljs$core$vals:Sh
cljs$core$vec:rh
cljs$core$vector:vh
cljs$core$vector_QMARK_:Ye
cljs$core$vector_index_out_of_bounds:bh
cljs$core$volatile_BANG_:sg
cljs$core$with_meta:Oe
cljs$core$write_all$cljs$0core$0IFn$0_invoke$0arity$0variadic:$i
cljs$cst$keyword$_LT__DASH_:Nk
cljs$cst$keyword$_LT__GT_:cl
cljs$cst$keyword$a:El
cljs$cst$keyword$a_DOT_navbar_DASH_item:dn
cljs$cst$keyword$aborted:mo
cljs$cst$keyword$active_DASH_page:xm
cljs$cst$keyword$add_DASH_event:Gl
cljs$cst$keyword$after:ol
cljs$cst$keyword$alt:mn
cljs$cst$keyword$alt_DASH_impl:gj
cljs$cst$keyword$ancestors:Ej
cljs$cst$keyword$anonymous:bm
cljs$cst$keyword$api:Un
cljs$cst$keyword$aria_DASH_hidden:kn
cljs$cst$keyword$aria_DASH_label:so
cljs$cst$keyword$article:Wo
cljs$cst$keyword$assignments:zl
cljs$cst$keyword$atom:Zo
cljs$cst$keyword$auth:Ym
cljs$cst$keyword$authorized:un
cljs$cst$keyword$auto_DASH_run:gk
cljs$cst$keyword$before:ul
cljs$cst$keyword$body:Tm
cljs$cst$keyword$box:vn
cljs$cst$keyword$br:hn
cljs$cst$keyword$bracket:zo
cljs$cst$keyword$button:dk
cljs$cst$keyword$button_DOT_button_DOT_is_DASH_link:pl
cljs$cst$keyword$candidate:pm
cljs$cst$keyword$card:xl
cljs$cst$keyword$catch_DASH_all:Cl
cljs$cst$keyword$childContextTypes:Ek
cljs$cst$keyword$children:Sn
cljs$cst$keyword$class:Y
cljs$cst$keyword$classboard:xk
cljs$cst$keyword$classroom:Lm
cljs$cst$keyword$cljsLegacyRender:on
cljs$cst$keyword$cljs_DOT_core_SLASH_not_DASH_found:Fi
cljs$cst$keyword$coeffects:wn
cljs$cst$keyword$coerce:Vk
cljs$cst$keyword$cofx:Jn
cljs$cst$keyword$colon:Qk
cljs$cst$keyword$compile:Vm
cljs$cst$keyword$componentWillUnmount:Kl
cljs$cst$keyword$component_DASH_did_DASH_update:go
cljs$cst$keyword$component_DASH_will_DASH_unmount:km
cljs$cst$keyword$conflicting:qo
cljs$cst$keyword$conflicts:bn
cljs$cst$keyword$connection_DASH_established:Lo
cljs$cst$keyword$constructor:Ck
cljs$cst$keyword$container:Wj
cljs$cst$keyword$content_DASH_type:jk
cljs$cst$keyword$contextType:Nl
cljs$cst$keyword$contextTypes:Ho
cljs$cst$keyword$data:uk
cljs$cst$keyword$datetime:Vl
cljs$cst$keyword$db:vo
cljs$cst$keyword$db_DASH_handler:zm
cljs$cst$keyword$debug:im
cljs$cst$keyword$debug_DASH_message:il
cljs$cst$keyword$default:Nj
cljs$cst$keyword$deregister_DASH_event_DASH_handler:Go
cljs$cst$keyword$descendants:Dj
cljs$cst$keyword$description:Jk
cljs$cst$keyword$dispatch:nn
cljs$cst$keyword$dispatch_DASH_later:kl
cljs$cst$keyword$dispatch_DASH_n:Zn
cljs$cst$keyword$displace:Mm
cljs$cst$keyword$displayName:Pm
cljs$cst$keyword$display_DASH_name:$l
cljs$cst$keyword$div:Wl
cljs$cst$keyword$div_DOT_column_DOT_is_DASH_half_DOT_is_DASH_offset_DASH_one_DASH_quarter:Pn
cljs$cst$keyword$div_DOT_column_DOT_is_DASH_one_DASH_third:eo
cljs$cst$keyword$div_DOT_column_DOT_is_DASH_two_DASH_thirds:kk
cljs$cst$keyword$div_DOT_columns:Qn
cljs$cst$keyword$div_DOT_container:po
cljs$cst$keyword$div_DOT_control:Ok
cljs$cst$keyword$div_DOT_control_DOT_has_DASH_icons_DASH_left:Nn
cljs$cst$keyword$div_DOT_field:qk
cljs$cst$keyword$div_DOT_field_DOT_is_DASH_grouped:Uk
cljs$cst$keyword$div_DOT_hero_DASH_body:ak
cljs$cst$keyword$div_DOT_message_DOT_is_DASH_danger:Jo
cljs$cst$keyword$div_DOT_navbar_DASH_brand:Hl
cljs$cst$keyword$div_DOT_notification_DOT_has_DASH_text_DASH_centered:Gm
cljs$cst$keyword$do_DASH_fx:Ul
cljs$cst$keyword$dup:Zb
cljs$cst$keyword$effects:Tl
cljs$cst$keyword$error:Pl
cljs$cst$keyword$errors:Xo
cljs$cst$keyword$event:Rl
cljs$cst$keyword$exception:dl
cljs$cst$keyword$expand:cn
cljs$cst$keyword$failed:yl
cljs$cst$keyword$failure:fn
cljs$cst$keyword$fallback_DASH_impl:hj
cljs$cst$keyword$figure:gn
cljs$cst$keyword$finish_DASH_run:el
cljs$cst$keyword$firstname:pk
cljs$cst$keyword$flush_DASH_dom:ho
cljs$cst$keyword$flush_DASH_on_DASH_newline:Wb
cljs$cst$keyword$footer:mk
cljs$cst$keyword$format:rm
cljs$cst$keyword$fsm_DASH_state:Bk
cljs$cst$keyword$fx:Xn
cljs$cst$keyword$fx_DASH_handler:Rn
cljs$cst$keyword$getDerivedStateFromError:Wm
cljs$cst$keyword$getDerivedStateFromProps:Sl
cljs$cst$keyword$getInitialState:Yk
cljs$cst$keyword$global_DASH_interceptors:yo
cljs$cst$keyword$group:tm
cljs$cst$keyword$groupEnd:Yo
cljs$cst$keyword$h1_DOT_title:om
cljs$cst$keyword$h2_DOT_has_DASH_text_DASH_centered:Cm
cljs$cst$keyword$h2_DOT_subtitle:No
cljs$cst$keyword$handler:Om
cljs$cst$keyword$headers:sk
cljs$cst$keyword$hierarchy:Bl
cljs$cst$keyword$home:Vn
cljs$cst$keyword$hr:Po
cljs$cst$keyword$href:um
cljs$cst$keyword$http_DASH_no_DASH_on_DASH_failure:Jl
cljs$cst$keyword$http_DASH_no_DASH_on_DASH_success:Im
cljs$cst$keyword$http_DASH_xhrio:xo
cljs$cst$keyword$i:Al
cljs$cst$keyword$i_DOT_fas:Dn
cljs$cst$keyword$id:Mo
cljs$cst$keyword$idle:Uj
cljs$cst$keyword$img:Wk
cljs$cst$keyword$inject_DASH_global_DASH_interceptors:In
cljs$cst$keyword$input:Hk
cljs$cst$keyword$input_DOT_input:Tj
cljs$cst$keyword$interceptors:jl
cljs$cst$keyword$java:An
cljs$cst$keyword$key:uo
cljs$cst$keyword$keyword_DASH_fn:uj
cljs$cst$keyword$keywordize_DASH_keys:yj
cljs$cst$keyword$keywords_QMARK_:mm
cljs$cst$keyword$label:Kk
cljs$cst$keyword$label_DOT_label:Qm
cljs$cst$keyword$last_DASH_error:nl
cljs$cst$keyword$last_DASH_error_DASH_code:fm
cljs$cst$keyword$last_DASH_method:wo
cljs$cst$keyword$lastname:bo
cljs$cst$keyword$left:ik
cljs$cst$keyword$li:wk
cljs$cst$keyword$loaded_QMARK_:Zk
cljs$cst$keyword$log:lk
cljs$cst$keyword$lookup:Zl
cljs$cst$keyword$map:Rm
cljs$cst$keyword$media_DASH_object:Kn
cljs$cst$keyword$message:to
cljs$cst$keyword$meta:Yb
cljs$cst$keyword$method:tk
cljs$cst$keyword$more_DASH_marker:Zi
cljs$cst$keyword$ms:Xj
cljs$cst$keyword$name:tn
cljs$cst$keyword$name_DASH_conflicts:dm
cljs$cst$keyword$nav:Hm
cljs$cst$keyword$nav_DOT_navbar:jn
cljs$cst$keyword$no_DASH_cache:al
cljs$cst$keyword$none:Bm
cljs$cst$keyword$not_DASH_initialized:ym
cljs$cst$keyword$on_DASH_change:Yj
cljs$cst$keyword$on_DASH_click:Mk
cljs$cst$keyword$on_DASH_dispose:nk
cljs$cst$keyword$on_DASH_failure:hk
cljs$cst$keyword$on_DASH_request:Tn
cljs$cst$keyword$on_DASH_set:Cn
cljs$cst$keyword$on_DASH_success:wl
cljs$cst$keyword$on_DASH_write:ro
cljs$cst$keyword$original_DASH_event:So
cljs$cst$keyword$original_DASH_text:fk
cljs$cst$keyword$p:Ll
cljs$cst$keyword$panel:sm
cljs$cst$keyword$parameters:Dl
cljs$cst$keyword$params:Vo
cljs$cst$keyword$parents:Cj
cljs$cst$keyword$parse:hl
cljs$cst$keyword$parse_DASH_error:bl
cljs$cst$keyword$password:Vj
cljs$cst$keyword$path:$k
cljs$cst$keyword$path_DASH_conflicts:Fk
cljs$cst$keyword$path_DASH_params:ek
cljs$cst$keyword$path_DASH_parts:ko
cljs$cst$keyword$pause:nm
cljs$cst$keyword$paused:ao
cljs$cst$keyword$placeholder:Xk
cljs$cst$keyword$post:lo
cljs$cst$keyword$prefix:Yl
cljs$cst$keyword$prepend:no
cljs$cst$keyword$print_DASH_length:$b
cljs$cst$keyword$processing_DASH_request:En
cljs$cst$keyword$profile:qm
cljs$cst$keyword$progress_DASH_handler:Oo
cljs$cst$keyword$queue:xn
cljs$cst$keyword$raw:ll
cljs$cst$keyword$re_DASH_frame_DOT_std_DASH_interceptors_SLASH_not_DASH_found:Co
cljs$cst$keyword$read:Sm
cljs$cst$keyword$readably:Xb
cljs$cst$keyword$reagentRender:sn
cljs$cst$keyword$reagent_DASH_render:tl
cljs$cst$keyword$reitit_DOT_core_SLASH_path_DASH_conflicting:Il
cljs$cst$keyword$reitit_DOT_core_SLASH_router:wm
cljs$cst$keyword$reitit_DOT_exception_SLASH_cause:Eo
cljs$cst$keyword$reitit_DOT_impl_SLASH_merge_DASH_data:ln
cljs$cst$keyword$reitit_DOT_trie_SLASH_following_DASH_parameters:Uo
cljs$cst$keyword$reitit_DOT_trie_SLASH_multiple_DASH_terminators:Ak
cljs$cst$keyword$reitit_DOT_trie_SLASH_parameters:Nm
cljs$cst$keyword$reitit_DOT_trie_SLASH_trie_DASH_compiler:Yn
cljs$cst$keyword$reitit_DOT_trie_SLASH_unclosed_DASH_brackets:Bo
cljs$cst$keyword$render:Zj
cljs$cst$keyword$replace:Zm
cljs$cst$keyword$request_DASH_received:Fn
cljs$cst$keyword$required:co
cljs$cst$keyword$response:Do
cljs$cst$keyword$response_DASH_format:$o
cljs$cst$keyword$response_DASH_ready:Qo
cljs$cst$keyword$result:gm
cljs$cst$keyword$resume:hm
cljs$cst$keyword$right:Um
cljs$cst$keyword$roles:On
cljs$cst$keyword$router:fl
cljs$cst$keyword$routes:gl
cljs$cst$keyword$run_DASH_queue:Ro
cljs$cst$keyword$running:en
cljs$cst$keyword$scheduled:Ol
cljs$cst$keyword$section_DOT_hero:Lk
cljs$cst$keyword$section_DOT_hero_DOT_is_DASH_primary_DOT_is_DASH_bold_DOT_is_DASH_small:Gk
cljs$cst$keyword$sequential:Wn
cljs$cst$keyword$set:Fl
cljs$cst$keyword$shouldComponentUpdate:Ko
cljs$cst$keyword$sign_DASH_in:zk
cljs$cst$keyword$sign_DASH_up:Ln
cljs$cst$keyword$small:rl
cljs$cst$keyword$span:Dm
cljs$cst$keyword$span_DOT_icon_DOT_is_DASH_small_DOT_is_DASH_left:Rk
cljs$cst$keyword$src:Hn
cljs$cst$keyword$stack:qn
cljs$cst$keyword$status:Ik
cljs$cst$keyword$status_DASH_text:yk
cljs$cst$keyword$strong:rn
cljs$cst$keyword$student:Mn
cljs$cst$keyword$sub:io
cljs$cst$keyword$syntax:Pk
cljs$cst$keyword$tabs:em
cljs$cst$keyword$teacher:Km
cljs$cst$keyword$template:ql
cljs$cst$keyword$terminators:Fm
cljs$cst$keyword$textarea:fo
cljs$cst$keyword$tiles:Io
cljs$cst$keyword$time:Ml
cljs$cst$keyword$timeout:ck
cljs$cst$keyword$top_DASH_displace:jo
cljs$cst$keyword$torneoencasa_DOT_auth_DOT_events_SLASH_api_DASH_request_DASH_error:Gn
cljs$cst$keyword$torneoencasa_DOT_auth_DOT_events_SLASH_api_DASH_sign_DASH_in_DASH_success:am
cljs$cst$keyword$torneoencasa_DOT_auth_DOT_events_SLASH_sign_DASH_in:ok
cljs$cst$keyword$torneoencasa_DOT_auth_DOT_events_SLASH_sign_DASH_up:Bn
cljs$cst$keyword$torneoencasa_DOT_auth_DOT_subs_SLASH_current_DASH_auth:Ql
cljs$cst$keyword$torneoencasa_DOT_auth_DOT_subs_SLASH_current_DASH_user:oo
cljs$cst$keyword$torneoencasa_DOT_events_SLASH_initialize_DASH_db:Sk
cljs$cst$keyword$torneoencasa_DOT_events_SLASH_printlog:To
cljs$cst$keyword$torneoencasa_DOT_nav_DOT_events_SLASH_set_DASH_active_DASH_nav:Jm
cljs$cst$keyword$torneoencasa_DOT_nav_DOT_subs_SLASH_active_DASH_page:zn
cljs$cst$keyword$torneoencasa_DOT_routes_SLASH_classboard:bk
cljs$cst$keyword$torneoencasa_DOT_routes_SLASH_home:an
cljs$cst$keyword$torneoencasa_DOT_subs_SLASH_errors:lm
cljs$cst$keyword$torneoencasa_DOT_subs_SLASH_user:Tk
cljs$cst$keyword$trigger:vl
cljs$cst$keyword$trim_DASH_v:$n
cljs$cst$keyword$type:Am
cljs$cst$keyword$ul:sl
cljs$cst$keyword$unnamed:vm
cljs$cst$keyword$unwrap:ml
cljs$cst$keyword$uri:Xm
cljs$cst$keyword$url_DASH_params:jm
cljs$cst$keyword$user:Dk
cljs$cst$keyword$val:nj
cljs$cst$keyword$validate:rk
cljs$cst$keyword$validator:Ao
cljs$cst$keyword$value:Xl
cljs$cst$keyword$vec_DASH_strategy:Em
cljs$cst$keyword$warn:yn
cljs$cst$keyword$wilds:$m
cljs$cst$keyword$with_DASH_credentials:pn
cljs$cst$keyword$write:vk
cljs$cst$keyword$yield:Fo
clojure$data$atom_diff:Gs
clojure$data$diff:Js
clojure$data$diff_associative:Ks
clojure$data$diff_associative_key:Is
clojure$data$diff_sequential:Ls
clojure$data$diff_set:Ms
clojure$data$diff_similar:Os
clojure$data$equality_partition:Ns
clojure$data$vectorize:Hs
clojure$set$bubble_max_key:Fp
clojure$set$difference:Ip
clojure$set$intersection:Hp
clojure$set$union$cljs$0core$0IFn$0_invoke$0arity$02:Gp
clojure$string$index_of$cljs$0core$0IFn$0_invoke$0arity$02:lp
clojure$string$index_of$cljs$0core$0IFn$0_invoke$0arity$03:mp
clojure$string$join$cljs$0core$0IFn$0_invoke$0arity$02:jp
clojure$string$replace:ip
clojure$string$replace_all:gp
clojure$string$replace_with:hp
clojure$string$split$cljs$0core$0IFn$0_invoke$0arity$03:kp
com$cognitect$transit$eq$equals:st
com$cognitect$transit$eq$hashArrayLike:yt
com$cognitect$transit$eq$hashCode:xt
com$cognitect$transit$eq$hashCodeCounter:rt
com$cognitect$transit$eq$hashCombine:tt
com$cognitect$transit$eq$hashMapLike:wt
com$cognitect$transit$eq$stringCodeCache:ut
com$cognitect$transit$eq$stringCodeCacheSize:vt
com$cognitect$transit$util$isArray:pt
com$cognitect$transit$util$objectKeys:ot
com$cognitect$transit$util$randHex:qt
compiled_routes$jscomp$inline_2052:lw
conflicts$jscomp$inline_2048:jw
container$jscomp$inline_2086:Yw
count__21191_21334$jscomp$inline_2073:Mw
day8$re_frame$http_fx$ajax_xhrio_handler:xu
day8$re_frame$http_fx$dispatch_on_request:zu
day8$re_frame$http_fx$request__GT_xhrio_options:yu
docMode$jscomp$inline_1093:gr
e$jscomp$inline_2059:sw
event_v$jscomp$inline_2064:Jw
fexpr__23915$jscomp$inline_2061:tw
goog:ia
goog$Disposable:pr
goog$Disposable$MonitoringMode$OFF:qr
goog$Timer$callOnce:Ut
goog$UID_PROPERTY_:pa
goog$array$defaultCompare:Sa
goog$array$find:Pa
goog$array$forEach:Oa
goog$array$indexOf:Na
goog$array$sort:Ra
goog$array$stableSort:Ta
goog$async$nextTick:kr
goog$bind:ta
goog$bindJs_:sa
goog$bindNative_:ra
goog$dom$TagName:Ua
goog$dom$TagName$APPLET:Va
goog$dom$TagName$BASE:Wa
goog$dom$TagName$EMBED:Xa
goog$dom$TagName$IFRAME:Ya
goog$dom$TagName$LINK:Za
goog$dom$TagName$MATH:$a
goog$dom$TagName$META:ab
goog$dom$TagName$OBJECT:bb
goog$dom$TagName$SCRIPT:cb
goog$dom$TagName$STYLE:db
goog$dom$TagName$SVG:eb
goog$dom$TagName$TEMPLATE:fb
goog$dom$createElement_:jr
goog$dom$safe$setIframeSrc:Ib
goog$events$BrowserEvent:sr
goog$events$BrowserEvent$IE_POINTER_TYPE_MAP:tr
goog$events$BrowserFeature$HAS_W3C_EVENT_SUPPORT:mr
goog$events$BrowserFeature$PASSIVE_EVENTS:or
goog$events$BrowserFeature$SET_KEY_CODE_TO_PREVENT_DEFAULT:nr
goog$events$Event:rr
goog$events$EventTarget:St
goog$events$LISTENER_MAP_PROP_:Cr
goog$events$LISTENER_WRAPPER_PROP_:Rr
goog$events$Listenable$IMPLEMENTED_BY_PROP:ur
goog$events$ListenableKey$counter_:vr
goog$events$Listener:xr
goog$events$ListenerMap:zr
goog$events$ListenerMap$findListenerIndex_:Ar
goog$events$fireListener:Qr
goog$events$fireListeners_:Pr
goog$events$getListenerMap_:Jr
goog$events$getOnString_:Lr
goog$events$getProxy:Kr
goog$events$handleBrowserEvent_:Mr
goog$events$listen:Fr
goog$events$listenOnce:Gr
goog$events$listen_:Ir
goog$events$listenerCountEstimate_:Er
goog$events$onStringMap_:Dr
goog$events$unlisten:Nr
goog$events$unlistenByKey:Or
goog$events$wrapListener:Hr
goog$getUid:oa
goog$global:ja
goog$html$SafeHtml:Eb
goog$html$SafeHtml$EMPTY:Hb
goog$html$SafeHtml$TYPE_MARKER_GOOG_HTML_SECURITY_PRIVATE_:Fb
goog$html$SafeHtml$unwrapTrustedHTML:Gb
goog$html$SafeScript:qb
goog$html$SafeStyle:zb
goog$html$SafeStyleSheet:Ab
goog$html$TrustedResourceUrl:rb
goog$html$TrustedResourceUrl$CONSTRUCTOR_TOKEN_PRIVATE_:sb
goog$html$TrustedResourceUrl$TYPE_MARKER_GOOG_HTML_SECURITY_PRIVATE_:tb
goog$inherits:ua
goog$isArrayLike:la
goog$isFunction:ma
goog$isObject:na
goog$labs$userAgent$platform$isIphone:Wq
goog$labs$userAgent$util$matchUserAgent:Db
goog$labs$userAgent$util$userAgent_:xb
goog$net$DefaultXmlHttpFactory:Zt
goog$net$ErrorCode$getDebugMessage:Ws
goog$net$XhrIo:au
goog$net$XhrIo$HTTP_SCHEME_PATTERN:cu
goog$net$XhrIo$METHODS_WITH_FORM_DATA:du
goog$net$XhrIo$ResponseType$DEFAULT:bu
goog$net$XhrIo$buildProgressEvent_:lu
goog$net$XhrIo$isContentTypeHeader_:Qa
goog$net$XhrIo$shouldUseXhr2Timeout_:gu
goog$net$XmlHttp$factory_:Yt
goog$net$XmlHttpFactory:Vt
goog$nullFunction:ka
goog$object$PROTOTYPE_FIELDS_:jb
goog$object$createSet:lb
goog$object$extend:kb
goog$object$get:ib
goog$object$getKeys:hb
goog$object$map:gb
goog$reflect$cache:xa
goog$reflect$sinkValue:va
goog$string$Const:mb
goog$string$Const$EMPTY:pb
goog$string$Const$GOOG_STRING_CONSTRUCTOR_TOKEN_PRIVATE_:nb
goog$string$Const$TYPE_MARKER_:ob
goog$string$StringBuffer:Qb
goog$string$internal$caseInsensitiveContains:wb
goog$string$internal$compareElements_:yb
goog$string$internal$isEmptyOrWhitespace:ub
goog$string$internal$trim:vb
goog$string$splitLimit:Jb
goog$structs$Map:Mb
goog$structs$Map$defaultEquals:Ob
goog$structs$forEach:Lb
goog$structs$getValues:Kb
goog$typeOf:n
goog$uidCounter_:qa
goog$uri$utils$splitRe_:Pb
goog$userAgent$EDGE:Zq
goog$userAgent$GECKO:$q
goog$userAgent$IE:Yq
goog$userAgent$OPERA:Xq
goog$userAgent$VERSION:dr
goog$userAgent$WEBKIT:ar
goog$userAgent$getDocumentMode_:cr
goog$userAgent$isVersionOrHigher:hr
goog$userAgent$isVersionOrHigherCache_:ya
i__21192_21335$jscomp$inline_2074:Nw
listener$jscomp$inline_1134:bs
map__23912$jscomp$inline_2045:hw
map__23912__$1$jscomp$inline_2046:Gv
meta_merge$core$displace_QMARK_:Cg
meta_merge$core$meta_STAR_:Hu
meta_merge$core$meta_merge:Lu
meta_merge$core$pick_prioritized:Ku
meta_merge$core$remove_top_displace:Ju
meta_merge$core$replace_QMARK_:Dg
meta_merge$core$with_meta_STAR_:Iu
module$contents$goog$math$Long_Long:za
module$contents$goog$math$Long_Long$fromBits:Ba
module$contents$goog$math$Long_Long$fromNumber:Ka
module$contents$goog$math$Long_Long$fromString:Ma
module$contents$goog$math$Long_MAX_VALUE_:La
module$contents$goog$math$Long_MIN_VALUE_:Ga
module$contents$goog$math$Long_NEG_ONE_:Ia
module$contents$goog$math$Long_ONE_:Ha
module$contents$goog$math$Long_ZERO_:Ja
module$node_modules$react$index:ep
module$node_modules$react_dom$index:fp
name_conflicting$jscomp$inline_2051:kw
navigator$jscomp$inline_1089:br
navigator$jscomp$inline_267:Bb
path_conflicting$jscomp$inline_2050:Jv
raw_routes$jscomp$inline_2044:Fv
re_frame$cofx$inject_db:Fs
re_frame$core$reg_event_db:Ss
re_frame$core$reg_event_fx$cljs$0core$0IFn$0_invoke$0arity$02:Ts
re_frame$core$reg_sub$cljs$0core$0IFn$0_invoke$0arity$0variadic:Us
re_frame$db$app_db:Xr
re_frame$events$_STAR_handling_STAR_:ls
re_frame$events$handle:ms
re_frame$fx$dispatch_later:Es
re_frame$fx$do_fx:Ds
re_frame$interceptor$__GT_interceptor:gs
re_frame$interceptor$assoc_coeffect:is
re_frame$interceptor$enqueue:ks
re_frame$interceptor$get_coeffect$cljs$0core$0IFn$0_invoke$0arity$02:hs
re_frame$interceptor$invoke_interceptors:js
re_frame$interop$add_on_dispose_BANG_:Ur
re_frame$interop$deref_QMARK_:Tr
re_frame$interop$empty_queue:qg
re_frame$interop$reagent_id:Wr
re_frame$interop$set_timeout_BANG_:Vr
re_frame$loggers$console:Zr
re_frame$loggers$loggers:Yr
re_frame$registrar$clear_handlers:fs
re_frame$registrar$get_handler$cljs$0core$0IFn$0_invoke$0arity$02:ds
re_frame$registrar$kind__GT_id__GT_handler:cs
re_frame$registrar$register_handler:es
re_frame$router$dispatch:Cs
re_frame$router$event_queue:Bs
re_frame$router$later_fns:us
re_frame$settings$store:as
re_frame$std_interceptors$db_handler__GT_interceptor:Ps
re_frame$std_interceptors$fx_handler__GT_interceptor:Qs
re_frame$std_interceptors$inject_global_interceptors:Rs
re_frame$subs$cache_and_return:os
re_frame$subs$cache_lookup$cljs$0core$0IFn$0_invoke$0arity$02:ps
re_frame$subs$deref_input_signals:ss
re_frame$subs$map_vals:rs
re_frame$subs$query__GT_reaction:ns
re_frame$subs$reg_sub:ts
re_frame$subs$subscribe:qs
re_frame$utils$first_in_vector:$r
reagent$core$after_render:Sr
reagent$dom$render$cljs$0core$0IFn$0_invoke$0arity$03:Tq
reagent$dom$render_comp:Sq
reagent$dom$roots:Rq
reagent$impl$batching$RenderQueue:Cp
reagent$impl$batching$compare_mount_order:yp
reagent$impl$batching$enqueue:Bp
reagent$impl$batching$fake_raf:wp
reagent$impl$batching$mount_count:vp
reagent$impl$batching$next_tick:xp
reagent$impl$batching$queue_render:Ep
reagent$impl$batching$ratom_flush:zp
reagent$impl$batching$render_queue:Dp
reagent$impl$batching$run_funs:Ap
reagent$impl$component$_STAR_current_component_STAR_:dq
reagent$impl$component$as_element:gq
reagent$impl$component$built_in_static_method_names:qq
reagent$impl$component$camelify_map_keys:nq
reagent$impl$component$create_class:rq
reagent$impl$component$custom_wrapper:jq
reagent$impl$component$dash_to_method_name:mq
reagent$impl$component$get_wrapper:kq
reagent$impl$component$map_to_js:pq
reagent$impl$component$obligatory:lq
reagent$impl$component$props_argv:eq
reagent$impl$component$rat_opts:cq
reagent$impl$component$reagent_class_QMARK_:fq
reagent$impl$component$static_fns:iq
reagent$impl$component$wrap_funs:oq
reagent$impl$component$wrap_render:hq
reagent$impl$template$HiccupTag:Jq
reagent$impl$template$as_element:Oq
reagent$impl$template$cache_get:uq
reagent$impl$template$convert_custom_prop_value:zq
reagent$impl$template$convert_prop_value:wq
reagent$impl$template$custom_kv_conv:yq
reagent$impl$template$custom_prop_name_cache:xq
reagent$impl$template$expand_seq:Qq
reagent$impl$template$find_dom_node:Aq
reagent$impl$template$get_key:Kq
reagent$impl$template$input_component_set_value:Dq
reagent$impl$template$input_handle_change:Eq
reagent$impl$template$input_node_set_value:Cq
reagent$impl$template$input_render_setup:Fq
reagent$impl$template$input_spec:Iq
reagent$impl$template$key_from_vec:Lq
reagent$impl$template$kv_conv:vq
reagent$impl$template$make_element:Hq
reagent$impl$template$native_element:Nq
reagent$impl$template$prop_name_cache:tq
reagent$impl$template$re_tag:sq
reagent$impl$template$reagent_input_class:Gq
reagent$impl$template$tag_name_cache:Mq
reagent$impl$template$these_inputs_have_selection_api:Bq
reagent$impl$template$vec_to_elem:Pq
reagent$impl$util$_STAR_always_update_STAR_:up
reagent$impl$util$capitalize:pp
reagent$impl$util$class_names:tp
reagent$impl$util$dash_to_prop_name:qp
reagent$impl$util$dont_camel_case:op
reagent$impl$util$fun_name:rp
reagent$impl$util$is_client:np
reagent$impl$util$named_QMARK_:sp
reagent$ratom$RAtom:Sp
reagent$ratom$RCursor:Xp
reagent$ratom$Reaction:$p
reagent$ratom$Track:Wp
reagent$ratom$_STAR_ratom_context_STAR_:Jp
reagent$ratom$add_on_dispose_BANG_:Zp
reagent$ratom$add_w:Mp
reagent$ratom$atom:Tp
reagent$ratom$cached_reaction:Up
reagent$ratom$deref_capture:Kp
reagent$ratom$dispose_BANG_:Yp
reagent$ratom$flush_BANG_:Rp
reagent$ratom$handle_reaction_change:nd
reagent$ratom$make_reaction:Vp
reagent$ratom$notify_deref_watcher_BANG_:Lp
reagent$ratom$notify_w:Op
reagent$ratom$pr_atom:Pp
reagent$ratom$rea_queue:Qp
reagent$ratom$remove_w:Np
reagent$ratom$run_in_reaction:bq
reagent$ratom$temp_reaction:aq
reitit:Mu
reitit$core:Rv
reitit$core$Match:Zv
reitit$core$PartialMatch:aw
reitit$core$__GT_Match:$v
reitit$core$expand:Yv
reitit$core$linear_router$cljs$0core$0IFn$0_invoke$0arity$02:bw
reitit$core$lookup_router:cw
reitit$core$mixed_router:fw
reitit$core$quarantine_router:gw
reitit$core$single_static_path_router:ew
reitit$core$t_reitit$0core23796:Sv
reitit$core$t_reitit$0core23823:Tv
reitit$core$t_reitit$0core23865:Uv
reitit$core$t_reitit$0core23880:Vv
reitit$core$t_reitit$0core23887:Wv
reitit$core$t_reitit$0core23895:Xv
reitit$core$trie_router:dw
reitit$exception$exception:Ou
reitit$exception$fail_BANG_$cljs$0core$0IFn$0_invoke$0arity$02:Nu
reitit$exception$format_exception:Qj
reitit$impl$__GT_wild_route_QMARK_:yv
reitit$impl$compile_routes:Ov
reitit$impl$conflicting_paths:Kv
reitit$impl$find_names:Nv
reitit$impl$map_data:Cv
reitit$impl$maybe_map_values:zv
reitit$impl$maybe_url_decode:Av
reitit$impl$merge_data:Dv
reitit$impl$name_conflicting_routes:Lv
reitit$impl$parse:xv
reitit$impl$path_conflicting_routes:Hv
reitit$impl$path_for:Qv
reitit$impl$resolve_routes:Ev
reitit$impl$uncompile_routes:Pv
reitit$impl$unresolved_conflicts:Iv
reitit$impl$walk:Bv
reitit$trie:Pu
reitit$trie$CatchAll:Yu
reitit$trie$Match:Zu
reitit$trie$Node:$u
reitit$trie$Wild:Xu
reitit$trie$_insert:qv
reitit$trie$_keyword:jv
reitit$trie$_node:pv
reitit$trie$_path_matcher:gv
reitit$trie$_slice_end:nv
reitit$trie$_slice_start:mv
reitit$trie$assoc_param:hv
reitit$trie$catch_all_matcher:ev
reitit$trie$clojure_trie_compiler:sv
reitit$trie$common_prefix:iv
reitit$trie$compile$cljs$0core$0IFn$0_invoke$0arity$02:vv
reitit$trie$compile$cljs$0core$0IFn$0_invoke$0arity$03:wv
reitit$trie$conflicting_parts_QMARK_:ov
reitit$trie$data_matcher:bv
reitit$trie$decode:rv
reitit$trie$depth:Ti
reitit$trie$insert$cljs$0core$0IFn$0_invoke$0arity$04:uv
reitit$trie$into_set:Wu
reitit$trie$join_path:lv
reitit$trie$length:Ui
reitit$trie$linear_matcher:fv
reitit$trie$map_parameters:tv
reitit$trie$match:av
reitit$trie$split_path:kv
reitit$trie$static_matcher:cv
reitit$trie$t_reitit$0trie23347:Qu
reitit$trie$t_reitit$0trie23357:Ru
reitit$trie$t_reitit$0trie23371:Su
reitit$trie$t_reitit$0trie23375:Tu
reitit$trie$t_reitit$0trie23415:Uu
reitit$trie$t_reitit$0trie23427:Vu
reitit$trie$wild_matcher:dv
root_el$jscomp$inline_1981:Uq
router$jscomp$inline_2047:iw
router__$1$jscomp$inline_2055:ow
routes$jscomp$inline_2049:Mv
rxn_21338$jscomp$inline_2076:Pw
rxn_21357$jscomp$inline_2084:Xw
seq__21189_21332$jscomp$inline_2071:Kw
seq__21189_21345__$1$jscomp$inline_2078:Rw
shadow$js$files:ap
shadow$js$jsRequire:dp
shadow$js$nativeRequires:bp
shadow$js$requireStack:cp
temp__5735__auto___21344$jscomp$inline_2077:Qw
temp__5735__auto___23965$jscomp$inline_2056:pw
temp__5735__auto___23967$jscomp$inline_2057:qw
torneoencasa$auth$core$sign_in:Du
torneoencasa$auth$core$sign_up:Eu
torneoencasa$classboard$core$box:Dw
torneoencasa$classboard$core$classboard:Ew
torneoencasa$components$core$button:Bu
torneoencasa$components$core$input_field:Au
torneoencasa$components$core$nav_item:Cu
torneoencasa$db$default_db:Vs
torneoencasa$home$core$home:ww
torneoencasa$home$core$panel:uw
torneoencasa$home$core$text:vw
torneoencasa$mock$core$box:Aw
torneoencasa$mock$core$card:yw
torneoencasa$mock$core$media_object:Bw
torneoencasa$mock$core$panel:zw
torneoencasa$mock$core$tabs:xw
torneoencasa$mock$core$tiles:Cw
torneoencasa$nav$core$nav:Gu
torneoencasa$nav$core$nav_items:Fu
torneoencasa$profile$core$profile:Fw
torneoencasa$views$footer:Iw
torneoencasa$views$header:Hw
torneoencasa$views$main_panel:Vq
torneoencasa$views$pages:Gw
userAgent$jscomp$inline_268:Cb
vec__21202_21336$jscomp$inline_2075:Ow
vec__21205_21355$jscomp$inline_2083:Ww
version$jscomp$inline_1091:er
wilds_QMARK_$jscomp$inline_2053:mw
xmlhttprequest$jscomp$inline_1430:vu
